
> kube9@0.1.0 pretest
> npm run build && npm run lint


> kube9@0.1.0 build
> webpack --mode production

assets by status 235 KiB [cached] 1 asset
modules by path ./src/ 555 KiB 67 modules
modules by path ./node_modules/js-yaml/ 108 KiB
  modules by path ./node_modules/js-yaml/lib/type/*.js 16.5 KiB 13 modules
  modules by path ./node_modules/js-yaml/lib/*.js 87.7 KiB 7 modules
  modules by path ./node_modules/js-yaml/lib/schema/*.js 1.59 KiB
    ./node_modules/js-yaml/lib/schema/default.js 538 bytes [built] [code generated]
    + 3 modules
  ./node_modules/js-yaml/index.js 1.75 KiB [built] [code generated]
external "vscode" 42 bytes [built] [code generated]
external "fs" 42 bytes [built] [code generated]
external "path" 42 bytes [built] [code generated]
external "fs/promises" 42 bytes [built] [code generated]
external "os" 42 bytes [built] [code generated]
external "child_process" 42 bytes [built] [code generated]
external "util" 42 bytes [built] [code generated]

ERROR in ./src/dashboard/operatedDashboardHtml.ts 565:81
Module parse failed: Unterminated template (565:81)
File was processed with these loaders:
 * ./node_modules/ts-loader/index.js
You may need an additional loader to handle the result of these loaders.
|                         <span class="cluster-name">${clusterName}</span>
|                         <span class="operator-badge ${operatorStatus.mode}">
>                             <span>&#9881;</span> Operator: ${operatorStatus.mode}
|                         </span>
|                         <span id="last-updated" class="last-updated">Last updated: --</span>
 @ ./src/dashboard/OperatedDashboardPanel.ts 38:32-66
 @ ./src/extension.ts 58:33-78

ERROR in /Users/devinanderson/Documents/Work-Code/kube9-vscode/src/dashboard/AIRecommendationsQuery.ts
./src/dashboard/AIRecommendationsQuery.ts 98:12-27
[tsl] ERROR in /Users/devinanderson/Documents/Work-Code/kube9-vscode/src/dashboard/AIRecommendationsQuery.ts(98,13)
      TS2322: Type '{ id: string; type: string; severity: string; title: string; description: string; actionable: boolean; actionUrl: string | undefined; }[]' is not assignable to type 'AIRecommendation[]'.
  Type '{ id: string; type: string; severity: string; title: string; description: string; actionable: boolean; actionUrl: string | undefined; }' is not assignable to type 'AIRecommendation'.
    Types of property 'type' are incompatible.
      Type 'string' is not assignable to type '"optimization" | "cost" | "security" | "reliability"'.
 @ ./src/dashboard/OperatedDashboardPanel.ts 39:33-68
 @ ./src/extension.ts 58:33-78

ERROR in /Users/devinanderson/Documents/Work-Code/kube9-vscode/src/dashboard/operatedDashboardHtml.ts
./src/dashboard/operatedDashboardHtml.ts 914:0
[tsl] ERROR in /Users/devinanderson/Documents/Work-Code/kube9-vscode/src/dashboard/operatedDashboardHtml.ts(914,1)
      TS1160: Unterminated template literal.
 @ ./src/dashboard/OperatedDashboardPanel.ts 38:32-66
 @ ./src/extension.ts 58:33-78

ERROR in /Users/devinanderson/Documents/Work-Code/kube9-vscode/src/test/suite/dashboard/OperatorStatusQuery.test.ts
89:18-32
[tsl] ERROR in /Users/devinanderson/Documents/Work-Code/kube9-vscode/src/test/suite/dashboard/OperatorStatusQuery.test.ts(89,19)
      TS2741: Property 'apiKeyConfigured' is missing in type '{ mode: "operated"; tier: "free"; version: string; health: "healthy"; lastUpdate: string; registered: false; error: null; }' but required in type 'OperatorStatus'.

ERROR in /Users/devinanderson/Documents/Work-Code/kube9-vscode/src/test/suite/dashboard/OperatorStatusQuery.test.ts
115:18-32
[tsl] ERROR in /Users/devinanderson/Documents/Work-Code/kube9-vscode/src/test/suite/dashboard/OperatorStatusQuery.test.ts(115,19)
      TS2741: Property 'apiKeyConfigured' is missing in type '{ mode: "enabled"; tier: "pro"; version: string; health: "healthy"; lastUpdate: string; registered: true; error: null; clusterId: string; }' but required in type 'OperatorStatus'.

ERROR in /Users/devinanderson/Documents/Work-Code/kube9-vscode/src/test/suite/dashboard/OperatorStatusQuery.test.ts
142:18-32
[tsl] ERROR in /Users/devinanderson/Documents/Work-Code/kube9-vscode/src/test/suite/dashboard/OperatorStatusQuery.test.ts(142,19)
      TS2741: Property 'apiKeyConfigured' is missing in type '{ mode: "operated"; tier: "free"; version: string; health: "degraded"; lastUpdate: string; registered: false; error: string; }' but required in type 'OperatorStatus'.

ERROR in /Users/devinanderson/Documents/Work-Code/kube9-vscode/src/test/suite/dashboard/OperatorStatusQuery.test.ts
166:18-32
[tsl] ERROR in /Users/devinanderson/Documents/Work-Code/kube9-vscode/src/test/suite/dashboard/OperatorStatusQuery.test.ts(166,19)
      TS2741: Property 'apiKeyConfigured' is missing in type '{ mode: "enabled"; tier: "pro"; version: string; health: "healthy"; lastUpdate: string; registered: false; error: null; }' but required in type 'OperatorStatus'.

ERROR in /Users/devinanderson/Documents/Work-Code/kube9-vscode/src/test/suite/dashboard/OperatorStatusQuery.test.ts
189:18-32
[tsl] ERROR in /Users/devinanderson/Documents/Work-Code/kube9-vscode/src/test/suite/dashboard/OperatorStatusQuery.test.ts(189,19)
      TS2741: Property 'apiKeyConfigured' is missing in type '{ mode: "operated"; tier: "free"; version: string; health: "healthy"; lastUpdate: string; registered: true; error: null; }' but required in type 'OperatorStatus'.

ERROR in /Users/devinanderson/Documents/Work-Code/kube9-vscode/src/test/suite/dashboard/OperatorStatusQuery.test.ts
212:18-32
[tsl] ERROR in /Users/devinanderson/Documents/Work-Code/kube9-vscode/src/test/suite/dashboard/OperatorStatusQuery.test.ts(212,19)
      TS2741: Property 'apiKeyConfigured' is missing in type '{ mode: "operated"; tier: "free"; version: string; health: "unhealthy"; lastUpdate: string; registered: false; error: string; }' but required in type 'OperatorStatus'.

ERROR in /Users/devinanderson/Documents/Work-Code/kube9-vscode/src/test/suite/dashboard/OperatorStatusQuery.test.ts
279:18-32
[tsl] ERROR in /Users/devinanderson/Documents/Work-Code/kube9-vscode/src/test/suite/dashboard/OperatorStatusQuery.test.ts(279,19)
      TS2741: Property 'apiKeyConfigured' is missing in type '{ mode: "operated"; tier: "free"; version: string; health: "healthy"; lastUpdate: string; registered: false; error: null; }' but required in type 'OperatorStatus'.

9 errors have detailed information that is not shown.
Use 'stats.errorDetails: true' resp. '--stats-error-details' to show it.

webpack 5.102.1 compiled with 10 errors in 3919 ms
